#
# There is insufficient memory for the Java Runtime Environment to continue.
# Native memory allocation (malloc) failed to allocate 1126896 bytes. Error detail: Chunk::new
# Possible reasons:
#   The system is out of physical RAM or swap space
#   This process is running with CompressedOops enabled, and the Java Heap may be blocking the growth of the native heap
# Possible solutions:
#   Reduce memory load on the system
#   Increase physical memory or swap space
#   Check if swap backing store is full
#   Decrease Java heap size (-Xmx/-Xms)
#   Decrease number of Java threads
#   Decrease Java thread stack sizes (-Xss)
#   Set larger code cache with -XX:ReservedCodeCacheSize=
#   JVM is running with Unscaled Compressed Oops mode in which the Java heap is
#     placed in the first 4GB address space. The Java Heap base address is the
#     maximum limit for the native heap growth. Please use -XX:HeapBaseMinAddress
#     to set the Java Heap base and to place the Java Heap above 4GB virtual address.
# This output file may be truncated or incomplete.
#
#  Out of Memory Error (arena.cpp:168), pid=14552, tid=24660
#
# JRE version: OpenJDK Runtime Environment Temurin-21.0.12.1+1 (21.0.12.1+1) (build 21.0.12.1+1-LTS)
# Java VM: OpenJDK 64-Bit Server VM Temurin-21.0.12.1+1 (21.0.12.1+1-LTS, mixed mode, sharing, tiered, compressed oops, compressed class ptrs, parallel gc, windows-amd64)
# No core dump will be written. Minidumps are not enabled by default on client versions of Windows
#

---------------  S U M M A R Y ------------

Command Line: --add-modules=ALL-SYSTEM --add-opens=java.base/java.util=ALL-UNNAMED --add-opens=java.base/java.lang=ALL-UNNAMED --add-opens=java.base/sun.nio.fs=ALL-UNNAMED -Declipse.application=org.eclipse.jdt.ls.core.id1 -Dosgi.bundles.defaultStartLevel=4 -Declipse.product=org.eclipse.jdt.ls.core.product -Djava.import.generatesMetadataFilesAtProjectRoot=false -Dm2e.project.cache.size=50 -DDetectVMInstallationsJob.disabled=true -Dfile.encoding=utf8 -XX:+UseParallelGC -XX:GCTimeRatio=4 -XX:AdaptiveSizePolicyWeight=90 -Dsun.zip.disableMemoryMapping=true -Xmx2G -Xms100m -Xlog:disable -javaagent:c:\Users\Hp\.vscode\extensions\redhat.java-1.56.0-win32-x64\lombok\lombok-1.18.39-4050.jar c:\Users\Hp\.vscode\extensions\redhat.java-1.56.0-win32-x64\server\plugins\org.eclipse.equinox.launcher_1.8.0.v20260804-1928.jar -configuration c:\Users\Hp\AppData\Roaming\Code\User\globalStorage\redhat.java\1.56.0\config_ss_win -data c:\Users\Hp\AppData\Roaming\Code\User\workspaceStorage\7e0fd196e03eea5786054b162edf3202\redhat.java\ss_ws --pipe=\\.\pipe\lsp-6a495d58893326500e2ae16cb566efc6-sock

Host: AMD Ryzen 5 5600H with Radeon Graphics         , 12 cores, 15G,  Windows 11 , 64 bit Build 26100 (10.0.26100.8115)
Time: Sat Sep 19 23:00:12 2026 India Standard Time elapsed time: 5.080789 seconds (0d 0h 0m 5s)

---------------  T H R E A D  ---------------

Current thread (0x000001e1ff4ba720):  JavaThread "C2 CompilerThread0" daemon [_thread_in_native, id=24660, stack(0x000000e1c5500000,0x000000e1c5600000) (1024K)]


Current CompileTask:
C2:5080 2510       4       java.lang.invoke.MethodType::makeImpl (109 bytes)

Stack: [0x000000e1c5500000,0x000000e1c5600000]
Native frames: (J=compiled Java code, j=interpreted, Vv=VM code, C=native code)
V  [jvm.dll+0x6d83e9]
V  [jvm.dll+0x8b5736]
V  [jvm.dll+0x8b7cee]
V  [jvm.dll+0x8b83d3]
V  [jvm.dll+0x284596]
V  [jvm.dll+0xc685d]
V  [jvm.dll+0xc6da1]
V  [jvm.dll+0x3bf151]
V  [jvm.dll+0x1e4149]
V  [jvm.dll+0x24c853]
V  [jvm.dll+0x24bce0]
V  [jvm.dll+0x1cb4ae]
V  [jvm.dll+0x25baad]
V  [jvm.dll+0x25a03a]
V  [jvm.dll+0x3f8aae]
V  [jvm.dll+0x8600cd]
V  [jvm.dll+0x6d6c1d]
C  [ucrtbase.dll+0x37b0]
C  [KERNEL32.DLL+0x2e8d7]
C  [ntdll.dll+0x8c3fc]


---------------  P R O C E S S  ---------------

Threads class SMR info:
_java_thread_list=0x000001e1ff688c10, length=20, elements={
0x000001e1e78ed6c0, 0x000001e1e796d600, 0x000001e1fe3569f0, 0x000001e1fe35cc20,
0x000001e1fe35d680, 0x000001e1ff4a3b00, 0x000001e1ff4aae20, 0x000001e1ff4ba720,
0x000001e1ff4bdd50, 0x000001e1ff68d6e0, 0x000001e1c1670890, 0x000001e1c1dddd30,
0x000001e1c1b83790, 0x000001e1c1b83e00, 0x000001e1c6062720, 0x000001e1c6577ee0,
0x000001e1c6235dc0, 0x000001e1c63e3190, 0x000001e1c64a24a0, 0x000001e1c61a9c50
}

Java Threads: ( => current thread )
  0x000001e1e78ed6c0 JavaThread "main"                              [_thread_blocked, id=25416, stack(0x000000e1c4b00000,0x000000e1c4c00000) (1024K)]
  0x000001e1e796d600 JavaThread "Reference Handler"          daemon [_thread_blocked, id=18212, stack(0x000000e1c4f00000,0x000000e1c5000000) (1024K)]
  0x000001e1fe3569f0 JavaThread "Finalizer"                  daemon [_thread_blocked, id=23492, stack(0x000000e1c5000000,0x000000e1c5100000) (1024K)]
  0x000001e1fe35cc20 JavaThread "Signal Dispatcher"          daemon [_thread_blocked, id=15260, stack(0x000000e1c5100000,0x000000e1c5200000) (1024K)]
  0x000001e1fe35d680 JavaThread "Attach Listener"            daemon [_thread_blocked, id=12296, stack(0x000000e1c5200000,0x000000e1c5300000) (1024K)]
  0x000001e1ff4a3b00 JavaThread "Service Thread"             daemon [_thread_blocked, id=4952, stack(0x000000e1c5300000,0x000000e1c5400000) (1024K)]
  0x000001e1ff4aae20 JavaThread "Monitor Deflation Thread"   daemon [_thread_blocked, id=5536, stack(0x000000e1c5400000,0x000000e1c5500000) (1024K)]
=>0x000001e1ff4ba720 JavaThread "C2 CompilerThread0"         daemon [_thread_in_native, id=24660, stack(0x000000e1c5500000,0x000000e1c5600000) (1024K)]
  0x000001e1ff4bdd50 JavaThread "C1 CompilerThread0"         daemon [_thread_blocked, id=25160, stack(0x000000e1c5600000,0x000000e1c5700000) (1024K)]
  0x000001e1ff68d6e0 JavaThread "Common-Cleaner"             daemon [_thread_blocked, id=20008, stack(0x000000e1c5800000,0x000000e1c5900000) (1024K)]
  0x000001e1c1670890 JavaThread "Notification Thread"        daemon [_thread_blocked, id=22656, stack(0x000000e1c5900000,0x000000e1c5a00000) (1024K)]
  0x000001e1c1dddd30 JavaThread "Active Thread: Equinox Container: 12ac97bc-a862-4d0a-93fc-9d3ca93e2711"        [_thread_blocked, id=25380, stack(0x000000e1c5a00000,0x000000e1c5b00000) (1024K)]
  0x000001e1c1b83790 JavaThread "Framework Event Dispatcher: Equinox Container: 12ac97bc-a862-4d0a-93fc-9d3ca93e2711" daemon [_thread_blocked, id=26956, stack(0x000000e1c6100000,0x000000e1c6200000) (1024K)]
  0x000001e1c1b83e00 JavaThread "Start Level: Equinox Container: 12ac97bc-a862-4d0a-93fc-9d3ca93e2711" daemon [_thread_blocked, id=27260, stack(0x000000e1c6200000,0x000000e1c6300000) (1024K)]
  0x000001e1c6062720 JavaThread "SCR Component Actor"        daemon [_thread_blocked, id=21724, stack(0x000000e1c6400000,0x000000e1c6500000) (1024K)]
  0x000001e1c6577ee0 JavaThread "Worker-JM"                         [_thread_blocked, id=18144, stack(0x000000e1c6600000,0x000000e1c6700000) (1024K)]
  0x000001e1c6235dc0 JavaThread "JNA Cleaner"                daemon [_thread_blocked, id=22180, stack(0x000000e1c5700000,0x000000e1c5800000) (1024K)]
  0x000001e1c63e3190 JavaThread "Worker-0"                          [_thread_blocked, id=9284, stack(0x000000e1c6500000,0x000000e1c6600000) (1024K)]
  0x000001e1c64a24a0 JavaThread "Worker-1"                          [_thread_blocked, id=9336, stack(0x000000e1c6900000,0x000000e1c6a00000) (1024K)]
  0x000001e1c61a9c50 JavaThread "C2 CompilerThread1"         daemon [_thread_blocked, id=2620, stack(0x000000e1c6a00000,0x000000e1c6b00000) (1024K)]
Total: 20

Other Threads:
  0x000001e1e7963a70 VMThread "VM Thread"                           [id=17800, stack(0x000000e1c4e00000,0x000000e1c4f00000) (1024K)]
  0x000001e1fe23ca00 WatcherThread "VM Periodic Task Thread"        [id=19556, stack(0x000000e1c4d00000,0x000000e1c4e00000) (1024K)]
  0x000001e1e7902880 WorkerThread "GC Thread#0"                     [id=23120, stack(0x000000e1c4c00000,0x000000e1c4d00000) (1024K)]
  0x000001e1c1bee360 WorkerThread "GC Thread#1"                     [id=19096, stack(0x000000e1c5b00000,0x000000e1c5c00000) (1024K)]
  0x000001e1c1d206f0 WorkerThread "GC Thread#2"                     [id=2820, stack(0x000000e1c5c00000,0x000000e1c5d00000) (1024K)]
  0x000001e1c1c08620 WorkerThread "GC Thread#3"                     [id=27416, stack(0x000000e1c5d00000,0x000000e1c5e00000) (1024K)]
  0x000001e1c19927a0 WorkerThread "GC Thread#4"                     [id=20752, stack(0x000000e1c5e00000,0x000000e1c5f00000) (1024K)]
  0x000001e1c1992b50 WorkerThread "GC Thread#5"                     [id=12936, stack(0x000000e1c5f00000,0x000000e1c6000000) (1024K)]
  0x000001e1c606fef0 WorkerThread "GC Thread#6"                     [id=24456, stack(0x000000e1c6000000,0x000000e1c6100000) (1024K)]
  0x000001e1c63277e0 WorkerThread "GC Thread#7"                     [id=26352, stack(0x000000e1c6300000,0x000000e1c6400000) (1024K)]
  0x000001e1c6167320 WorkerThread "GC Thread#8"                     [id=632, stack(0x000000e1c6700000,0x000000e1c6800000) (1024K)]
  0x000001e1c671f010 WorkerThread "GC Thread#9"                     [id=24400, stack(0x000000e1c6800000,0x000000e1c6900000) (1024K)]
Total: 12

Threads with active compile tasks:
C2 CompilerThread0  5160 2510       4       java.lang.invoke.MethodType::makeImpl (109 bytes)
C1 CompilerThread0  5160 2660       3       org.lombokweb.asm.SymbolTable::<init> (554 bytes)
Total: 2

VM state: at safepoint (normal execution)

VM Mutex/Monitor currently owned by a thread:  ([mutex/lock_event])
[0x00007ffe8959f5b0] Threads_lock - owner thread: 0x000001e1e7963a70
[0x00007ffe8959f6b0] Heap_lock - owner thread: 0x000001e1c1b83e00

Heap address: 0x0000000080000000, size: 2048 MB, Compressed Oops mode: 32-bit

CDS archive(s) mapped at: [0x000001e180000000-0x000001e180ba0000-0x000001e180ba0000), size 12189696, SharedBaseAddress: 0x000001e180000000, ArchiveRelocationMode: 1.
Compressed class space mapped at: 0x000001e181000000-0x000001e1c1000000, reserved size: 1073741824
Narrow klass base: 0x000001e180000000, Narrow klass shift: 0, Narrow klass range: 0x100000000

GC Precious Log:
 CardTable entry size: 512
 CPUs: 12 total, 12 available
 Memory: 15710M
 Large Page Support: Disabled
 NUMA Support: Disabled
 Compressed Oops: Enabled (32-bit)
 Alignments: Space 512K, Generation 512K, Heap 2M
 Heap Min Capacity: 100M
 Heap Initial Capacity: 100M
 Heap Max Capacity: 2G
 Pre-touch: Disabled
 Parallel Workers: 10

Heap:
 PSYoungGen      total 29696K, used 4075K [0x00000000d5580000, 0x00000000d7680000, 0x0000000100000000)
  eden space 25600K, 0% used [0x00000000d5580000,0x00000000d5580000,0x00000000d6e80000)
  from space 4096K, 99% used [0x00000000d6e80000,0x00000000d727aeb8,0x00000000d7280000)
  to   space 4096K, 0% used [0x00000000d7280000,0x00000000d7280000,0x00000000d7680000)
 ParOldGen       total 68608K, used 4691K [0x0000000080000000, 0x0000000084300000, 0x00000000d5580000)
  object space 68608K, 6% used [0x0000000080000000,0x0000000080494f98,0x0000000084300000)
 Metaspace       used 20474K, committed 21184K, reserved 1114112K
  class space    used 2040K, committed 2304K, reserved 1048576K

Card table byte_map: [0x000001e1e7270000,0x000001e1e7680000] _byte_map_base: 0x000001e1e6e70000

Marking Bits: (ParMarkBitMap*) 0x00007ffe895a44a0
 Begin Bits: [0x000001e1f9d60000, 0x000001e1fbd60000)
 End Bits:   [0x000001e1fbd60000, 0x000001e1fdd60000)

Polling page: 0x000001e1e5b10000

Metaspace:

Usage:
  Non-class:     18.00 MB used.
      Class:      1.99 MB used.
       Both:     19.99 MB used.

Virtual space:
  Non-class space:       64.00 MB reserved,      18.44 MB ( 29%) committed,  1 nodes.
      Class space:        1.00 GB reserved,       2.25 MB ( <1%) committed,  1 nodes.
             Both:        1.06 GB reserved,      20.69 MB (  2%) committed. 

Chunk freelists:
   Non-Class:  13.22 MB
       Class:  13.69 MB
        Both:  26.91 MB

MaxMetaspaceSize: unlimited
CompressedClassSpaceSize: 1.00 GB
Initial GC threshold: 21.00 MB
Current GC threshold: 21.00 MB
CDS: on
 - commit_granule_bytes: 65536.
 - commit_granule_words: 8192.
 - virtual_space_node_default_size: 8388608.
 - enlarge_chunks_in_place: 1.
 - use_allocation_guard: 0.


Internal statistics:

num_allocs_failed_limit: 0.
num_arena_births: 510.
num_arena_deaths: 0.
num_vsnodes_births: 2.
num_vsnodes_deaths: 0.
num_space_committed: 331.
num_space_uncommitted: 0.
num_chunks_returned_to_freelist: 0.
num_chunks_taken_from_freelist: 1286.
num_chunk_merges: 0.
num_chunk_splits: 820.
num_chunks_enlarged: 525.
num_inconsistent_stats: 0.

CodeHeap 'non-profiled nmethods': size=120000Kb used=1128Kb max_used=1128Kb free=118871Kb
 bounds [0x000001e1f2580000, 0x000001e1f27f0000, 0x000001e1f9ab0000]
CodeHeap 'profiled nmethods': size=120000Kb used=5172Kb max_used=5172Kb free=114827Kb
 bounds [0x000001e1eaab0000, 0x000001e1eafc0000, 0x000001e1f1fe0000]
CodeHeap 'non-nmethods': size=5760Kb used=1306Kb max_used=1319Kb free=4453Kb
 bounds [0x000001e1f1fe0000, 0x000001e1f2250000, 0x000001e1f2580000]
CodeCache: size=245760Kb, used=7606Kb, max_used=7619Kb, free=238151Kb
 total_blobs=3242, nmethods=2655, adapters=493, full_count=0
Compilation: enabled, stopped_count=0, restarted_count=0

Compilation events (20 events):
Event: 4.001 Thread 0x000001e1ff4bdd50 nmethod 2638 0x000001e1eafabe10 code [0x000001e1eafabfc0, 0x000001e1eafac1c8]
Event: 4.001 Thread 0x000001e1ff4bdd50 2639       3       org.lombokweb.asm.Symbol::getArgumentsAndReturnSizes (23 bytes)
Event: 4.002 Thread 0x000001e1ff4bdd50 nmethod 2639 0x000001e1eafac290 code [0x000001e1eafac440, 0x000001e1eafac5c0]
Event: 4.002 Thread 0x000001e1ff4bdd50 2640       3       org.lombokweb.asm.MethodWriter::visitMethodInsn (191 bytes)
Event: 4.002 Thread 0x000001e1ff4bdd50 nmethod 2640 0x000001e1eafac690 code [0x000001e1eafac8e0, 0x000001e1eafad0a0]
Event: 4.002 Thread 0x000001e1ff4bdd50 2641       3       lombok.patcher.Hook::convertType (64 bytes)
Event: 4.003 Thread 0x000001e1ff4bdd50 nmethod 2641 0x000001e1eafad390 code [0x000001e1eafad5e0, 0x000001e1eafadce8]
Event: 4.003 Thread 0x000001e1ff4bdd50 2642       3       org.lombokweb.asm.ByteVector::put11 (52 bytes)
Event: 4.003 Thread 0x000001e1ff4bdd50 nmethod 2642 0x000001e1eafae090 code [0x000001e1eafae240, 0x000001e1eafae448]
Event: 4.020 Thread 0x000001e1c61a9c50 nmethod 2630 0x000001e1f2694810 code [0x000001e1f2694a80, 0x000001e1f2695790]
Event: 4.020 Thread 0x000001e1c61a9c50 2643   !   4       org.eclipse.osgi.internal.loader.BundleLoader::getModuleClassLoader (203 bytes)
Event: 4.026 Thread 0x000001e1c61a9c50 nmethod 2643 0x000001e1f2696110 code [0x000001e1f2696320, 0x000001e1f2696990]
Event: 4.026 Thread 0x000001e1c61a9c50 2644       4       org.lombokweb.asm.MethodWriter::visitLabel (332 bytes)
Event: 4.032 Thread 0x000001e1c61a9c50 nmethod 2644 0x000001e1f2696e90 code [0x000001e1f2697040, 0x000001e1f26974a0]
Event: 4.051 Thread 0x000001e1c61a9c50 2645       4       java.util.HashSet::contains (9 bytes)
Event: 4.057 Thread 0x000001e1c61a9c50 nmethod 2645 0x000001e1f2697790 code [0x000001e1f2697960, 0x000001e1f2697cc8]
Event: 4.058 Thread 0x000001e1c61a9c50 2646       4       java.util.zip.ZipFile::ensureOpen (40 bytes)
Event: 4.059 Thread 0x000001e1c61a9c50 nmethod 2646 0x000001e1f2698010 code [0x000001e1f26981a0, 0x000001e1f2698278]
Event: 4.060 Thread 0x000001e1c61a9c50 2647   !   4       java.util.concurrent.ConcurrentHashMap::putVal (432 bytes)
Event: 4.313 Thread 0x000001e1ff4bdd50 2648       3       java.util.concurrent.Semaphore$NonfairSync::tryAcquireShared (6 bytes)

GC Heap History (8 events):
Event: 0.931 GC heap before
{Heap before GC invocations=1 (full 0):
 PSYoungGen      total 29696K, used 25600K [0x00000000d5580000, 0x00000000d7680000, 0x0000000100000000)
  eden space 25600K, 100% used [0x00000000d5580000,0x00000000d6e80000,0x00000000d6e80000)
  from space 4096K, 0% used [0x00000000d7280000,0x00000000d7280000,0x00000000d7680000)
  to   space 4096K, 0% used [0x00000000d6e80000,0x00000000d6e80000,0x00000000d7280000)
 ParOldGen       total 68608K, used 0K [0x0000000080000000, 0x0000000084300000, 0x00000000d5580000)
  object space 68608K, 0% used [0x0000000080000000,0x0000000080000000,0x0000000084300000)
 Metaspace       used 4315K, committed 4544K, reserved 1114112K
  class space    used 475K, committed 576K, reserved 1048576K
}
Event: 0.938 GC heap after
{Heap after GC invocations=1 (full 0):
 PSYoungGen      total 29696K, used 3287K [0x00000000d5580000, 0x00000000d7680000, 0x0000000100000000)
  eden space 25600K, 0% used [0x00000000d5580000,0x00000000d5580000,0x00000000d6e80000)
  from space 4096K, 80% used [0x00000000d6e80000,0x00000000d71b5e88,0x00000000d7280000)
  to   space 4096K, 0% used [0x00000000d7280000,0x00000000d7280000,0x00000000d7680000)
 ParOldGen       total 68608K, used 16K [0x0000000080000000, 0x0000000084300000, 0x00000000d5580000)
  object space 68608K, 0% used [0x0000000080000000,0x0000000080004000,0x0000000084300000)
 Metaspace       used 4315K, committed 4544K, reserved 1114112K
  class space    used 475K, committed 576K, reserved 1048576K
}
Event: 2.613 GC heap before
{Heap before GC invocations=2 (full 0):
 PSYoungGen      total 29696K, used 28887K [0x00000000d5580000, 0x00000000d7680000, 0x0000000100000000)
  eden space 25600K, 100% used [0x00000000d5580000,0x00000000d6e80000,0x00000000d6e80000)
  from space 4096K, 80% used [0x00000000d6e80000,0x00000000d71b5e88,0x00000000d7280000)
  to   space 4096K, 0% used [0x00000000d7280000,0x00000000d7280000,0x00000000d7680000)
 ParOldGen       total 68608K, used 16K [0x0000000080000000, 0x0000000084300000, 0x00000000d5580000)
  object space 68608K, 0% used [0x0000000080000000,0x0000000080004000,0x0000000084300000)
 Metaspace       used 8163K, committed 8448K, reserved 1114112K
  class space    used 862K, committed 960K, reserved 1048576K
}
Event: 2.619 GC heap after
{Heap after GC invocations=2 (full 0):
 PSYoungGen      total 29696K, used 4086K [0x00000000d5580000, 0x00000000d7680000, 0x0000000100000000)
  eden space 25600K, 0% used [0x00000000d5580000,0x00000000d5580000,0x00000000d6e80000)
  from space 4096K, 99% used [0x00000000d7280000,0x00000000d767d938,0x00000000d7680000)
  to   space 4096K, 0% used [0x00000000d6e80000,0x00000000d6e80000,0x00000000d7280000)
 ParOldGen       total 68608K, used 1059K [0x0000000080000000, 0x0000000084300000, 0x00000000d5580000)
  object space 68608K, 1% used [0x0000000080000000,0x0000000080108cb8,0x0000000084300000)
 Metaspace       used 8163K, committed 8448K, reserved 1114112K
  class space    used 862K, committed 960K, reserved 1048576K
}
Event: 3.140 GC heap before
{Heap before GC invocations=3 (full 0):
 PSYoungGen      total 29696K, used 29686K [0x00000000d5580000, 0x00000000d7680000, 0x0000000100000000)
  eden space 25600K, 100% used [0x00000000d5580000,0x00000000d6e80000,0x00000000d6e80000)
  from space 4096K, 99% used [0x00000000d7280000,0x00000000d767d938,0x00000000d7680000)
  to   space 4096K, 0% used [0x00000000d6e80000,0x00000000d6e80000,0x00000000d7280000)
 ParOldGen       total 68608K, used 1059K [0x0000000080000000, 0x0000000084300000, 0x00000000d5580000)
  object space 68608K, 1% used [0x0000000080000000,0x0000000080108cb8,0x0000000084300000)
 Metaspace       used 12976K, committed 13568K, reserved 1114112K
  class space    used 1373K, committed 1664K, reserved 1048576K
}
Event: 3.145 GC heap after
{Heap after GC invocations=3 (full 0):
 PSYoungGen      total 29696K, used 4077K [0x00000000d5580000, 0x00000000d7680000, 0x0000000100000000)
  eden space 25600K, 0% used [0x00000000d5580000,0x00000000d5580000,0x00000000d6e80000)
  from space 4096K, 99% used [0x00000000d6e80000,0x00000000d727b4c0,0x00000000d7280000)
  to   space 4096K, 0% used [0x00000000d7280000,0x00000000d7280000,0x00000000d7680000)
 ParOldGen       total 68608K, used 2852K [0x0000000080000000, 0x0000000084300000, 0x00000000d5580000)
  object space 68608K, 4% used [0x0000000080000000,0x00000000802c9198,0x0000000084300000)
 Metaspace       used 12976K, committed 13568K, reserved 1114112K
  class space    used 1373K, committed 1664K, reserved 1048576K
}
Event: 3.827 GC heap before
{Heap before GC invocations=4 (full 0):
 PSYoungGen      total 29696K, used 29677K [0x00000000d5580000, 0x00000000d7680000, 0x0000000100000000)
  eden space 25600K, 100% used [0x00000000d5580000,0x00000000d6e80000,0x00000000d6e80000)
  from space 4096K, 99% used [0x00000000d6e80000,0x00000000d727b4c0,0x00000000d7280000)
  to   space 4096K, 0% used [0x00000000d7280000,0x00000000d7280000,0x00000000d7680000)
 ParOldGen       total 68608K, used 2852K [0x0000000080000000, 0x0000000084300000, 0x00000000d5580000)
  object space 68608K, 4% used [0x0000000080000000,0x00000000802c9198,0x0000000084300000)
 Metaspace       used 17232K, committed 17984K, reserved 1114112K
  class space    used 1818K, committed 2112K, reserved 1048576K
}
Event: 3.832 GC heap after
{Heap after GC invocations=4 (full 0):
 PSYoungGen      total 29696K, used 4074K [0x00000000d5580000, 0x00000000d7680000, 0x0000000100000000)
  eden space 25600K, 0% used [0x00000000d5580000,0x00000000d5580000,0x00000000d6e80000)
  from space 4096K, 99% used [0x00000000d7280000,0x00000000d767a9c0,0x00000000d7680000)
  to   space 4096K, 0% used [0x00000000d6e80000,0x00000000d6e80000,0x00000000d7280000)
 ParOldGen       total 68608K, used 4539K [0x0000000080000000, 0x0000000084300000, 0x00000000d5580000)
  object space 68608K, 6% used [0x0000000080000000,0x000000008046ef78,0x0000000084300000)
 Metaspace       used 17232K, committed 17984K, reserved 1114112K
  class space    used 1818K, committed 2112K, reserved 1048576K
}

Dll operation events (20 events):
Event: 0.055 Attempting to load shared library c:\Users\Hp\.vscode\extensions\redhat.java-1.56.0-win32-x64\jre\21.0.12.1-win32-x86_64\bin\java.dll
Event: 0.055 Loaded shared library c:\Users\Hp\.vscode\extensions\redhat.java-1.56.0-win32-x64\jre\21.0.12.1-win32-x86_64\bin\java.dll
Event: 0.175 Attempting to load shared library c:\Users\Hp\.vscode\extensions\redhat.java-1.56.0-win32-x64\jre\21.0.12.1-win32-x86_64\bin\zip.dll
Event: 0.176 Loaded shared library c:\Users\Hp\.vscode\extensions\redhat.java-1.56.0-win32-x64\jre\21.0.12.1-win32-x86_64\bin\zip.dll
Event: 0.206 Attempting to load shared library C:\Users\Hp\.vscode\extensions\redhat.java-1.56.0-win32-x64\jre\21.0.12.1-win32-x86_64\bin\instrument.dll
Event: 0.206 Loaded shared library C:\Users\Hp\.vscode\extensions\redhat.java-1.56.0-win32-x64\jre\21.0.12.1-win32-x86_64\bin\instrument.dll
Event: 0.213 Attempting to load shared library C:\Users\Hp\.vscode\extensions\redhat.java-1.56.0-win32-x64\jre\21.0.12.1-win32-x86_64\bin\net.dll
Event: 0.216 Loaded shared library C:\Users\Hp\.vscode\extensions\redhat.java-1.56.0-win32-x64\jre\21.0.12.1-win32-x86_64\bin\net.dll
Event: 0.220 Attempting to load shared library C:\Users\Hp\.vscode\extensions\redhat.java-1.56.0-win32-x64\jre\21.0.12.1-win32-x86_64\bin\nio.dll
Event: 0.221 Loaded shared library C:\Users\Hp\.vscode\extensions\redhat.java-1.56.0-win32-x64\jre\21.0.12.1-win32-x86_64\bin\nio.dll
Event: 0.226 Attempting to load shared library C:\Users\Hp\.vscode\extensions\redhat.java-1.56.0-win32-x64\jre\21.0.12.1-win32-x86_64\bin\zip.dll
Event: 0.226 Loaded shared library C:\Users\Hp\.vscode\extensions\redhat.java-1.56.0-win32-x64\jre\21.0.12.1-win32-x86_64\bin\zip.dll
Event: 0.253 Attempting to load shared library C:\Users\Hp\.vscode\extensions\redhat.java-1.56.0-win32-x64\jre\21.0.12.1-win32-x86_64\bin\jimage.dll
Event: 0.254 Loaded shared library C:\Users\Hp\.vscode\extensions\redhat.java-1.56.0-win32-x64\jre\21.0.12.1-win32-x86_64\bin\jimage.dll
Event: 0.368 Attempting to load shared library c:\Users\Hp\.vscode\extensions\redhat.java-1.56.0-win32-x64\jre\21.0.12.1-win32-x86_64\bin\verify.dll
Event: 0.369 Loaded shared library c:\Users\Hp\.vscode\extensions\redhat.java-1.56.0-win32-x64\jre\21.0.12.1-win32-x86_64\bin\verify.dll
Event: 2.595 Attempting to load shared library C:\Users\Hp\AppData\Roaming\Code\User\globalStorage\redhat.java\1.56.0\config_ss_win\org.eclipse.equinox.launcher\org.eclipse.equinox.launcher.win32.win32.x86_64_1.3.100.v20260804-1928\eclipse_11924.dll
Event: 2.601 Loaded shared library C:\Users\Hp\AppData\Roaming\Code\User\globalStorage\redhat.java\1.56.0\config_ss_win\org.eclipse.equinox.launcher\org.eclipse.equinox.launcher.win32.win32.x86_64_1.3.100.v20260804-1928\eclipse_11924.dll
Event: 3.533 Attempting to load shared library C:\Users\Hp\AppData\Local\Temp\jna-115336569\jna5609749078743861276.dll
Event: 3.537 Loaded shared library C:\Users\Hp\AppData\Local\Temp\jna-115336569\jna5609749078743861276.dll

Deoptimization events (20 events):
Event: 3.754 Thread 0x000001e1c1b83e00 Uncommon trap: trap_request=0xffffff45 fr.pc=0x000001e1f2677e70 relative=0x0000000000001010
Event: 3.754 Thread 0x000001e1c1b83e00 Uncommon trap: reason=unstable_if action=reinterpret pc=0x000001e1f2677e70 method=jdk.internal.org.objectweb.asm.Frame.execute(IILjdk/internal/org/objectweb/asm/Symbol;Ljdk/internal/org/objectweb/asm/SymbolTable;)V @ 1 c2
Event: 3.754 Thread 0x000001e1c1b83e00 DEOPT PACKING pc=0x000001e1f2677e70 sp=0x000000e1c62f7d40
Event: 3.754 Thread 0x000001e1c1b83e00 DEOPT UNPACKING pc=0x000001e1f2033aa2 sp=0x000000e1c62f7cc8 mode 2
Event: 3.772 Thread 0x000001e1c1b83e00 Uncommon trap: trap_request=0xffffffde fr.pc=0x000001e1f266c194 relative=0x00000000000003b4
Event: 3.772 Thread 0x000001e1c1b83e00 Uncommon trap: reason=class_check action=maybe_recompile pc=0x000001e1f266c194 method=java.util.regex.Pattern$BmpCharPropertyGreedy.match(Ljava/util/regex/Matcher;ILjava/lang/CharSequence;)Z @ 70 c2
Event: 3.772 Thread 0x000001e1c1b83e00 DEOPT PACKING pc=0x000001e1f266c194 sp=0x000000e1c62ef450
Event: 3.772 Thread 0x000001e1c1b83e00 DEOPT UNPACKING pc=0x000001e1f2033aa2 sp=0x000000e1c62ef3f8 mode 2
Event: 3.772 Thread 0x000001e1c1b83e00 Uncommon trap: trap_request=0xffffffde fr.pc=0x000001e1f266c194 relative=0x00000000000003b4
Event: 3.772 Thread 0x000001e1c1b83e00 Uncommon trap: reason=class_check action=maybe_recompile pc=0x000001e1f266c194 method=java.util.regex.Pattern$BmpCharPropertyGreedy.match(Ljava/util/regex/Matcher;ILjava/lang/CharSequence;)Z @ 70 c2
Event: 3.772 Thread 0x000001e1c1b83e00 DEOPT PACKING pc=0x000001e1f266c194 sp=0x000000e1c62ef2a0
Event: 3.772 Thread 0x000001e1c1b83e00 DEOPT UNPACKING pc=0x000001e1f2033aa2 sp=0x000000e1c62ef248 mode 2
Event: 3.772 Thread 0x000001e1c1b83e00 Uncommon trap: trap_request=0xffffffde fr.pc=0x000001e1f266c194 relative=0x00000000000003b4
Event: 3.772 Thread 0x000001e1c1b83e00 Uncommon trap: reason=class_check action=maybe_recompile pc=0x000001e1f266c194 method=java.util.regex.Pattern$BmpCharPropertyGreedy.match(Ljava/util/regex/Matcher;ILjava/lang/CharSequence;)Z @ 70 c2
Event: 3.772 Thread 0x000001e1c1b83e00 DEOPT PACKING pc=0x000001e1f266c194 sp=0x000000e1c62ef460
Event: 3.772 Thread 0x000001e1c1b83e00 DEOPT UNPACKING pc=0x000001e1f2033aa2 sp=0x000000e1c62ef408 mode 2
Event: 3.772 Thread 0x000001e1c1b83e00 Uncommon trap: trap_request=0xffffffde fr.pc=0x000001e1f266c194 relative=0x00000000000003b4
Event: 3.772 Thread 0x000001e1c1b83e00 Uncommon trap: reason=class_check action=maybe_recompile pc=0x000001e1f266c194 method=java.util.regex.Pattern$BmpCharPropertyGreedy.match(Ljava/util/regex/Matcher;ILjava/lang/CharSequence;)Z @ 70 c2
Event: 3.772 Thread 0x000001e1c1b83e00 DEOPT PACKING pc=0x000001e1f266c194 sp=0x000000e1c62ef2b0
Event: 3.772 Thread 0x000001e1c1b83e00 DEOPT UNPACKING pc=0x000001e1f2033aa2 sp=0x000000e1c62ef258 mode 2

Classes loaded (20 events):
Event: 3.792 Loading class java/util/zip/GZIPInputStream
Event: 3.792 Loading class java/util/zip/GZIPInputStream done
Event: 3.794 Loading class java/util/zip/GZIPOutputStream
Event: 3.795 Loading class java/util/zip/GZIPOutputStream done
Event: 3.797 Loading class java/net/SocketTimeoutException
Event: 3.798 Loading class java/io/InterruptedIOException
Event: 3.798 Loading class java/io/InterruptedIOException done
Event: 3.798 Loading class java/net/SocketTimeoutException done
Event: 3.798 Loading class java/net/SocketException
Event: 3.798 Loading class java/net/SocketException done
Event: 3.798 Loading class java/net/UnknownHostException
Event: 3.798 Loading class java/net/UnknownHostException done
Event: 3.798 Loading class java/net/ProtocolException
Event: 3.798 Loading class java/net/ProtocolException done
Event: 3.822 Loading class java/lang/ThreadLocal$SuppliedThreadLocal
Event: 3.822 Loading class java/lang/ThreadLocal$SuppliedThreadLocal done
Event: 3.840 Loading class java/io/FileWriter
Event: 3.841 Loading class java/io/FileWriter done
Event: 3.913 Loading class java/lang/NegativeArraySizeException
Event: 3.914 Loading class java/lang/NegativeArraySizeException done

Classes unloaded (0 events):
No events

Classes redefined (0 events):
No events

Internal exceptions (20 events):
Event: 3.571 Thread 0x000001e1c1b83e00 Exception <a 'java/lang/NoSuchMethodError'{0x00000000d63c20c8}: 'void java.lang.invoke.DelegatingMethodHandle$Holder.reinvoke_L(java.lang.Object, java.lang.Object, int)'> (0x00000000d63c20c8) 
thrown [s\src\hotspot\share\interpreter\linkResolver.cpp, line 773]
Event: 3.572 Thread 0x000001e1c1b83e00 Exception <a 'java/lang/NoSuchMethodError'{0x00000000d63c8db0}: 'int java.lang.invoke.Invokers$Holder.invokeExact_MT(java.lang.Object, java.lang.Object, java.lang.Object)'> (0x00000000d63c8db0) 
thrown [s\src\hotspot\share\interpreter\linkResolver.cpp, line 773]
Event: 3.590 Thread 0x000001e1c1b83e00 Exception <a 'java/lang/NoSuchMethodError'{0x00000000d6493890}: method resolution failed> (0x00000000d6493890) 
thrown [s\src\hotspot\share\prims\methodHandles.cpp, line 1136]
Event: 3.603 Thread 0x000001e1c1b83e00 Exception <a 'java/lang/NoSuchMethodError'{0x00000000d64ff6f0}: 'void java.lang.invoke.Invokers$Holder.invokeExact_MT(java.lang.Object, java.lang.Object, int, java.lang.Object)'> (0x00000000d64ff6f0) 
thrown [s\src\hotspot\share\interpreter\linkResolver.cpp, line 773]
Event: 3.634 Thread 0x000001e1c1b83e00 Exception <a 'java/lang/NoSuchMethodError'{0x00000000d65ed048}: 'java.lang.Object java.lang.invoke.DirectMethodHandle$Holder.invokeSpecial(java.lang.Object, java.lang.Object, java.lang.Object, long, java.lang.Object)'> (0x00000000d65ed048) 
thrown [s\src\hotspot\share\interpreter\linkResolver.cpp, line 773]
Event: 3.635 Thread 0x000001e1c1b83e00 Exception <a 'java/lang/NoSuchMethodError'{0x00000000d65f4890}: 'java.lang.Object java.lang.invoke.DirectMethodHandle$Holder.newInvokeSpecial(java.lang.Object, java.lang.Object, java.lang.Object, long)'> (0x00000000d65f4890) 
thrown [s\src\hotspot\share\interpreter\linkResolver.cpp, line 773]
Event: 3.636 Thread 0x000001e1c1b83e00 Exception <a 'java/lang/NoSuchMethodError'{0x00000000d65f8c40}: 'java.lang.Object java.lang.invoke.DirectMethodHandle$Holder.invokeSpecial(java.lang.Object, java.lang.Object, java.lang.Object, java.lang.Object, long)'> (0x00000000d65f8c40) 
thrown [s\src\hotspot\share\interpreter\linkResolver.cpp, line 773]
Event: 3.636 Thread 0x000001e1c1b83e00 Exception <a 'java/lang/NoSuchMethodError'{0x00000000d65fcaa0}: 'java.lang.Object java.lang.invoke.Invokers$Holder.linkToTargetMethod(java.lang.Object, java.lang.Object, long, java.lang.Object)'> (0x00000000d65fcaa0) 
thrown [s\src\hotspot\share\interpreter\linkResolver.cpp, line 773]
Event: 3.650 Thread 0x000001e1c1b83e00 Exception <a 'java/lang/NoSuchMethodError'{0x00000000d666e770}: 'int java.lang.invoke.DirectMethodHandle$Holder.invokeStaticInit(java.lang.Object, java.lang.Object, java.lang.Object)'> (0x00000000d666e770) 
thrown [s\src\hotspot\share\interpreter\linkResolver.cpp, line 773]
Event: 3.665 Thread 0x000001e1c1b83e00 Exception <a 'java/lang/IncompatibleClassChangeError'{0x00000000d66fafc0}: Found class java.lang.Object, but interface was expected> (0x00000000d66fafc0) 
thrown [s\src\hotspot\share\interpreter\linkResolver.cpp, line 840]
Event: 3.677 Thread 0x000001e1c1b83e00 Exception <a 'java/lang/NoSuchMethodError'{0x00000000d6711470}: 'java.lang.Object java.lang.invoke.DirectMethodHandle$Holder.invokeSpecial(java.lang.Object, java.lang.Object, java.lang.Object, int, java.lang.Object, java.lang.Object)'> (0x00000000d6711470) 
thrown [s\src\hotspot\share\interpreter\linkResolver.cpp, line 773]
Event: 3.678 Thread 0x000001e1c1b83e00 Exception <a 'java/lang/NoSuchMethodError'{0x00000000d6718f48}: 'java.lang.Object java.lang.invoke.DirectMethodHandle$Holder.newInvokeSpecial(java.lang.Object, java.lang.Object, java.lang.Object, int, java.lang.Object)'> (0x00000000d6718f48) 
thrown [s\src\hotspot\share\interpreter\linkResolver.cpp, line 773]
Event: 3.678 Thread 0x000001e1c1b83e00 Exception <a 'java/lang/NoSuchMethodError'{0x00000000d671cec8}: 'java.lang.Object java.lang.invoke.DirectMethodHandle$Holder.invokeSpecial(java.lang.Object, java.lang.Object, java.lang.Object, java.lang.Object, int, java.lang.Object)'> (0x00000000d671cec8) 
thrown [s\src\hotspot\share\interpreter\linkResolver.cpp, line 773]
Event: 3.678 Thread 0x000001e1c1b83e00 Exception <a 'java/lang/NoSuchMethodError'{0x00000000d6720a08}: 'java.lang.Object java.lang.invoke.Invokers$Holder.linkToTargetMethod(java.lang.Object, java.lang.Object, int, java.lang.Object, java.lang.Object)'> (0x00000000d6720a08) 
thrown [s\src\hotspot\share\interpreter\linkResolver.cpp, line 773]
Event: 3.679 Thread 0x000001e1c63e3190 Exception <a 'java/lang/NoSuchMethodError'{0x00000000d6636f48}: 'java.lang.Object java.lang.invoke.DirectMethodHandle$Holder.invokeSpecial(java.lang.Object, java.lang.Object, int, java.lang.Object, java.lang.Object)'> (0x00000000d6636f48) 
thrown [s\src\hotspot\share\interpreter\linkResolver.cpp, line 773]
Event: 3.680 Thread 0x000001e1c63e3190 Exception <a 'java/lang/NoSuchMethodError'{0x00000000d663dc80}: 'java.lang.Object java.lang.invoke.DirectMethodHandle$Holder.newInvokeSpecial(java.lang.Object, java.lang.Object, int, java.lang.Object)'> (0x00000000d663dc80) 
thrown [s\src\hotspot\share\interpreter\linkResolver.cpp, line 773]
Event: 3.681 Thread 0x000001e1c63e3190 Exception <a 'java/lang/NoSuchMethodError'{0x00000000d6641560}: 'java.lang.Object java.lang.invoke.DirectMethodHandle$Holder.invokeSpecial(java.lang.Object, java.lang.Object, java.lang.Object, int, java.lang.Object)'> (0x00000000d6641560) 
thrown [s\src\hotspot\share\interpreter\linkResolver.cpp, line 773]
Event: 3.702 Thread 0x000001e1c1b83e00 Exception <a 'java/lang/NoSuchMethodError'{0x00000000d683e778}: 'void java.lang.invoke.DirectMethodHandle$Holder.invokeSpecial(java.lang.Object, java.lang.Object, java.lang.Object, java.lang.Object, java.lang.Object)'> (0x00000000d683e778) 
thrown [s\src\hotspot\share\interpreter\linkResolver.cpp, line 773]
Event: 3.754 Thread 0x000001e1c1b83e00 Exception <a 'java/lang/NoSuchMethodError'{0x00000000d6a70cb8}: 'double java.lang.invoke.DirectMethodHandle$Holder.invokeStatic(java.lang.Object, java.lang.Object)'> (0x00000000d6a70cb8) 
thrown [s\src\hotspot\share\interpreter\linkResolver.cpp, line 773]
Event: 3.755 Thread 0x000001e1c1b83e00 Exception <a 'java/lang/NoSuchMethodError'{0x00000000d6a74378}: 'double java.lang.invoke.DirectMethodHandle$Holder.invokeStaticInit(java.lang.Object, java.lang.Object)'> (0x00000000d6a74378) 
thrown [s\src\hotspot\share\interpreter\linkResolver.cpp, line 773]

ZGC Phase Switch (0 events):
No events

VM Operations (20 events):
Event: 2.440 Executing non-safepoint VM operation: HandshakeAllThreads (Deoptimize)
Event: 2.440 Executing non-safepoint VM operation: HandshakeAllThreads (Deoptimize) done
Event: 2.613 Executing safepoint VM operation: ParallelGCFailedAllocation (Allocation Failure)
Event: 2.619 Executing safepoint VM operation: ParallelGCFailedAllocation (Allocation Failure) done
Event: 2.758 Executing non-safepoint VM operation: HandshakeAllThreads (Deoptimize)
Event: 2.758 Executing non-safepoint VM operation: HandshakeAllThreads (Deoptimize) done
Event: 3.004 Executing non-safepoint VM operation: HandshakeAllThreads (Deoptimize)
Event: 3.004 Executing non-safepoint VM operation: HandshakeAllThreads (Deoptimize) done
Event: 3.140 Executing safepoint VM operation: ParallelGCFailedAllocation (Allocation Failure)
Event: 3.145 Executing safepoint VM operation: ParallelGCFailedAllocation (Allocation Failure) done
Event: 3.236 Executing non-safepoint VM operation: HandshakeAllThreads (Deoptimize)
Event: 3.236 Executing non-safepoint VM operation: HandshakeAllThreads (Deoptimize) done
Event: 3.242 Executing non-safepoint VM operation: HandshakeAllThreads (Deoptimize)
Event: 3.242 Executing non-safepoint VM operation: HandshakeAllThreads (Deoptimize) done
Event: 3.262 Executing non-safepoint VM operation: HandshakeAllThreads (Deoptimize)
Event: 3.262 Executing non-safepoint VM operation: HandshakeAllThreads (Deoptimize) done
Event: 3.553 Executing non-safepoint VM operation: HandshakeAllThreads (Deoptimize)
Event: 3.553 Executing non-safepoint VM operation: HandshakeAllThreads (Deoptimize) done
Event: 3.827 Executing safepoint VM operation: ParallelGCFailedAllocation (Allocation Failure)
Event: 3.832 Executing safepoint VM operation: ParallelGCFailedAllocation (Allocation Failure) done

Memory protections (0 events):
No events

Nmethod flushes (0 events):
No events

Events (20 events):
Event: 0.134 Thread 0x000001e1e78ed6c0 Thread added: 0x000001e1ff4bdd50
Event: 0.188 Thread 0x000001e1ff4bdd50 Thread added: 0x000001e1ff683740
Event: 0.210 Thread 0x000001e1e78ed6c0 Thread added: 0x000001e1ff68d6e0
Event: 0.508 Thread 0x000001e1e78ed6c0 Thread added: 0x000001e1c1670890
Event: 0.613 Thread 0x000001e1ff683740 Thread added: 0x000001e1ff83d6b0
Event: 1.051 Thread 0x000001e1ff83d6b0 Thread exited: 0x000001e1ff83d6b0
Event: 1.130 Thread 0x000001e1ff4ba720 Thread added: 0x000001e1c6298e40
Event: 2.248 Thread 0x000001e1c6298e40 Thread exited: 0x000001e1c6298e40
Event: 2.370 Thread 0x000001e1e78ed6c0 Thread added: 0x000001e1c1dddd30
Event: 2.588 Thread 0x000001e1e78ed6c0 Thread added: 0x000001e1c1b83790
Event: 2.592 Thread 0x000001e1e78ed6c0 Thread added: 0x000001e1c1b83e00
Event: 2.632 Thread 0x000001e1c1b83e00 Thread added: 0x000001e1c6062720
Event: 2.832 Thread 0x000001e1ff683740 Thread added: 0x000001e1c61058a0
Event: 3.042 Thread 0x000001e1c1b83e00 Thread added: 0x000001e1c6577ee0
Event: 3.519 Thread 0x000001e1c61058a0 Thread exited: 0x000001e1c61058a0
Event: 3.519 Thread 0x000001e1ff683740 Thread exited: 0x000001e1ff683740
Event: 3.582 Thread 0x000001e1c1b83e00 Thread added: 0x000001e1c6235dc0
Event: 3.641 Thread 0x000001e1c1b83e00 Thread added: 0x000001e1c63e3190
Event: 3.680 Thread 0x000001e1c1b83e00 Thread added: 0x000001e1c64a24a0
Event: 3.783 Thread 0x000001e1ff4bdd50 Thread added: 0x000001e1c61a9c50


Dynamic libraries:
0x00007ff6481e0000 - 0x00007ff6481ee000 	c:\Users\Hp\.vscode\extensions\redhat.java-1.56.0-win32-x64\jre\21.0.12.1-win32-x86_64\bin\java.exe
0x00007fff322a0000 - 0x00007fff32507000 	C:\WINDOWS\SYSTEM32\ntdll.dll
0x00007fff30090000 - 0x00007fff30159000 	C:\WINDOWS\System32\KERNEL32.DLL
0x00007fff2f750000 - 0x00007fff2fb44000 	C:\WINDOWS\System32\KERNELBASE.dll
0x00007fff2c3a0000 - 0x00007fff2c43f000 	C:\WINDOWS\SYSTEM32\apphelp.dll
0x00007fff2fb50000 - 0x00007fff2fc9b000 	C:\WINDOWS\System32\ucrtbase.dll
0x00007fff2a0b0000 - 0x00007fff2a0ce000 	c:\Users\Hp\.vscode\extensions\redhat.java-1.56.0-win32-x64\jre\21.0.12.1-win32-x86_64\bin\VCRUNTIME140.dll
0x00007fff280b0000 - 0x00007fff280c8000 	c:\Users\Hp\.vscode\extensions\redhat.java-1.56.0-win32-x64\jre\21.0.12.1-win32-x86_64\bin\jli.dll
0x00007fff31620000 - 0x00007fff317e5000 	C:\WINDOWS\System32\USER32.dll
0x00007fff2fca0000 - 0x00007fff2fcc7000 	C:\WINDOWS\System32\win32u.dll
0x00007fff31a50000 - 0x00007fff31a7b000 	C:\WINDOWS\System32\GDI32.dll
0x00007fff2fd90000 - 0x00007fff2feba000 	C:\WINDOWS\System32\gdi32full.dll
0x00007fff11280000 - 0x00007fff11513000 	C:\WINDOWS\WinSxS\amd64_microsoft.windows.common-controls_6595b64144ccf1df_6.0.26100.8115_none_3e075c82e3354f9c\COMCTL32.dll
0x00007fff2f470000 - 0x00007fff2f513000 	C:\WINDOWS\System32\msvcp_win.dll
0x00007fff31830000 - 0x00007fff318d9000 	C:\WINDOWS\System32\msvcrt.dll
0x00007fff30da0000 - 0x00007fff30dd2000 	C:\WINDOWS\System32\IMM32.DLL
0x0000000068910000 - 0x000000006891d000 	C:\Program Files (x86)\360\Total Security\safemon\SafeWrapper.dll
0x00007fff30cc0000 - 0x00007fff30d76000 	C:\WINDOWS\System32\ADVAPI32.dll
0x00007fff318e0000 - 0x00007fff31987000 	C:\WINDOWS\System32\sechost.dll
0x00007fff30f90000 - 0x00007fff310a8000 	C:\WINDOWS\System32\RPCRT4.dll
0x00007fff2a1c0000 - 0x00007fff2a2c5000 	C:\Program Files (x86)\360\Total Security\safemon\libzdtp64.dll
0x00007fff303c0000 - 0x00007fff30b26000 	C:\WINDOWS\System32\SHELL32.dll
0x00007fff2fec0000 - 0x00007fff3002a000 	C:\WINDOWS\System32\wintypes.dll
0x00007fff31290000 - 0x00007fff31612000 	C:\WINDOWS\System32\combase.dll
0x00007fff31220000 - 0x00007fff31286000 	C:\WINDOWS\System32\SHLWAPI.dll
0x00007fff2ec00000 - 0x00007fff2f465000 	C:\WINDOWS\System32\Windows.Storage.dll
0x00007fff2e650000 - 0x00007fff2e65b000 	C:\WINDOWS\SYSTEM32\VERSION.dll
0x00007fff2a0a0000 - 0x00007fff2a0ac000 	c:\Users\Hp\.vscode\extensions\redhat.java-1.56.0-win32-x64\jre\21.0.12.1-win32-x86_64\bin\vcruntime140_1.dll
0x00007ffeffdc0000 - 0x00007ffeffe4d000 	c:\Users\Hp\.vscode\extensions\redhat.java-1.56.0-win32-x64\jre\21.0.12.1-win32-x86_64\bin\msvcp140.dll
0x00007ffe888e0000 - 0x00007ffe89682000 	c:\Users\Hp\.vscode\extensions\redhat.java-1.56.0-win32-x64\jre\21.0.12.1-win32-x86_64\bin\server\jvm.dll
0x00007fff31190000 - 0x00007fff31210000 	C:\WINDOWS\System32\WS2_32.dll
0x00007fff2e9f0000 - 0x00007fff2ea4e000 	C:\WINDOWS\SYSTEM32\POWRPROF.dll
0x00007fff26d00000 - 0x00007fff26d36000 	C:\WINDOWS\SYSTEM32\WINMM.dll
0x00007fff2e9d0000 - 0x00007fff2e9e4000 	C:\WINDOWS\SYSTEM32\UMPDC.dll
0x00007fff2d870000 - 0x00007fff2d88b000 	C:\WINDOWS\SYSTEM32\kernel.appcore.dll
0x00007fff27d30000 - 0x00007fff27d3a000 	c:\Users\Hp\.vscode\extensions\redhat.java-1.56.0-win32-x64\jre\21.0.12.1-win32-x86_64\bin\jimage.dll
0x00007fff22210000 - 0x00007fff22452000 	C:\WINDOWS\SYSTEM32\DBGHELP.DLL
0x00007fff310b0000 - 0x00007fff31187000 	C:\WINDOWS\System32\OLEAUT32.dll
0x00007fff0de80000 - 0x00007fff0debb000 	C:\WINDOWS\SYSTEM32\dbgcore.DLL
0x00007fff2f520000 - 0x00007fff2f5c5000 	C:\WINDOWS\System32\bcryptPrimitives.dll
0x00007fff27d20000 - 0x00007fff27d2f000 	c:\Users\Hp\.vscode\extensions\redhat.java-1.56.0-win32-x64\jre\21.0.12.1-win32-x86_64\bin\instrument.dll
0x00007fff275c0000 - 0x00007fff275e0000 	c:\Users\Hp\.vscode\extensions\redhat.java-1.56.0-win32-x64\jre\21.0.12.1-win32-x86_64\bin\java.dll
0x00007fff30160000 - 0x00007fff30257000 	C:\WINDOWS\System32\SHCORE.dll
0x00007fff2ea90000 - 0x00007fff2eab9000 	C:\WINDOWS\SYSTEM32\profapi.dll
0x00007fff271d0000 - 0x00007fff271e8000 	c:\Users\Hp\.vscode\extensions\redhat.java-1.56.0-win32-x64\jre\21.0.12.1-win32-x86_64\bin\zip.dll
0x00007fff1beb0000 - 0x00007fff1bec0000 	C:\Users\Hp\.vscode\extensions\redhat.java-1.56.0-win32-x64\jre\21.0.12.1-win32-x86_64\bin\net.dll
0x00007fff28660000 - 0x00007fff2878d000 	C:\WINDOWS\SYSTEM32\WINHTTP.dll
0x00007fff2de00000 - 0x00007fff2de6c000 	C:\WINDOWS\system32\mswsock.dll
0x00007fff1ac80000 - 0x00007fff1ac96000 	C:\Users\Hp\.vscode\extensions\redhat.java-1.56.0-win32-x64\jre\21.0.12.1-win32-x86_64\bin\nio.dll
0x00007fff1bea0000 - 0x00007fff1beb0000 	c:\Users\Hp\.vscode\extensions\redhat.java-1.56.0-win32-x64\jre\21.0.12.1-win32-x86_64\bin\verify.dll
0x00007fff0e980000 - 0x00007fff0e9c5000 	C:\Users\Hp\AppData\Roaming\Code\User\globalStorage\redhat.java\1.56.0\config_ss_win\org.eclipse.equinox.launcher\org.eclipse.equinox.launcher.win32.win32.x86_64_1.3.100.v20260804-1928\eclipse_11924.dll
0x00007fff30de0000 - 0x00007fff30f77000 	C:\WINDOWS\System32\ole32.dll
0x00007fff2e0e0000 - 0x00007fff2e0fb000 	C:\WINDOWS\SYSTEM32\CRYPTSP.dll
0x00007fff2d7d0000 - 0x00007fff2d809000 	C:\WINDOWS\system32\rsaenh.dll
0x00007fff2deb0000 - 0x00007fff2dee3000 	C:\WINDOWS\SYSTEM32\USERENV.dll
0x00007fff2ea60000 - 0x00007fff2ea8a000 	C:\WINDOWS\SYSTEM32\bcrypt.dll
0x00007fff2e100000 - 0x00007fff2e10c000 	C:\WINDOWS\SYSTEM32\CRYPTBASE.dll
0x00007fff2d260000 - 0x00007fff2d292000 	C:\WINDOWS\SYSTEM32\IPHLPAPI.DLL
0x00007fff317f0000 - 0x00007fff317fa000 	C:\WINDOWS\System32\NSI.dll
0x00007fff00500000 - 0x00007fff00549000 	C:\Users\Hp\AppData\Local\Temp\jna-115336569\jna5609749078743861276.dll
0x00007fff32250000 - 0x00007fff32258000 	C:\WINDOWS\System32\PSAPI.DLL

JVMTI agents:
c:\Users\Hp\.vscode\extensions\redhat.java-1.56.0-win32-x64\lombok\lombok-1.18.39-4050.jar path:c:\Users\Hp\.vscode\extensions\redhat.java-1.56.0-win32-x64\jre\21.0.12.1-win32-x86_64\bin\instrument.dll, loaded, initialized, instrumentlib options:none

dbghelp: loaded successfully - version: 4.0.5 - missing functions: none
symbol engine: initialized successfully - sym options: 0x614 - pdb path: .;c:\Users\Hp\.vscode\extensions\redhat.java-1.56.0-win32-x64\jre\21.0.12.1-win32-x86_64\bin;C:\WINDOWS\SYSTEM32;C:\WINDOWS\WinSxS\amd64_microsoft.windows.common-controls_6595b64144ccf1df_6.0.26100.8115_none_3e075c82e3354f9c;C:\Program Files (x86)\360\Total Security\safemon;c:\Users\Hp\.vscode\extensions\redhat.java-1.56.0-win32-x64\jre\21.0.12.1-win32-x86_64\bin\server;C:\Users\Hp\AppData\Roaming\Code\User\globalStorage\redhat.java\1.56.0\config_ss_win\org.eclipse.equinox.launcher\org.eclipse.equinox.launcher.win32.win32.x86_64_1.3.100.v20260804-1928;C:\Users\Hp\AppData\Local\Temp\jna-115336569

VM Arguments:
jvm_args: --add-modules=ALL-SYSTEM --add-opens=java.base/java.util=ALL-UNNAMED --add-opens=java.base/java.lang=ALL-UNNAMED --add-opens=java.base/sun.nio.fs=ALL-UNNAMED -Declipse.application=org.eclipse.jdt.ls.core.id1 -Dosgi.bundles.defaultStartLevel=4 -Declipse.product=org.eclipse.jdt.ls.core.product -Djava.import.generatesMetadataFilesAtProjectRoot=false -Dm2e.project.cache.size=50 -DDetectVMInstallationsJob.disabled=true -Dfile.encoding=utf8 -XX:+UseParallelGC -XX:GCTimeRatio=4 -XX:AdaptiveSizePolicyWeight=90 -Dsun.zip.disableMemoryMapping=true -Xmx2G -Xms100m -Xlog:disable -javaagent:c:\Users\Hp\.vscode\extensions\redhat.java-1.56.0-win32-x64\lombok\lombok-1.18.39-4050.jar 
java_command: c:\Users\Hp\.vscode\extensions\redhat.java-1.56.0-win32-x64\server\plugins\org.eclipse.equinox.launcher_1.8.0.v20260804-1928.jar -configuration c:\Users\Hp\AppData\Roaming\Code\User\globalStorage\redhat.java\1.56.0\config_ss_win -data c:\Users\Hp\AppData\Roaming\Code\User\workspaceStorage\7e0fd196e03eea5786054b162edf3202\redhat.java\ss_ws --pipe=\\.\pipe\lsp-6a495d58893326500e2ae16cb566efc6-sock
java_class_path (initial): c:\Users\Hp\.vscode\extensions\redhat.java-1.56.0-win32-x64\server\plugins\org.eclipse.equinox.launcher_1.8.0.v20260804-1928.jar
Launcher Type: SUN_STANDARD

[Global flags]
    uintx AdaptiveSizePolicyWeight                 = 90                                        {product} {command line}
     intx CICompilerCount                          = 4                                         {product} {ergonomic}
    uintx GCTimeRatio                              = 4                                         {product} {command line}
   size_t InitialHeapSize                          = 104857600                                 {product} {command line}
   size_t MaxHeapSize                              = 2147483648                                {product} {command line}
   size_t MaxNewSize                               = 715653120                                 {product} {ergonomic}
   size_t MinHeapDeltaBytes                        = 524288                                    {product} {ergonomic}
   size_t MinHeapSize                              = 104857600                                 {product} {command line}
   size_t NewSize                                  = 34603008                                  {product} {ergonomic}
    uintx NonNMethodCodeHeapSize                   = 5839372                                {pd product} {ergonomic}
    uintx NonProfiledCodeHeapSize                  = 122909434                              {pd product} {ergonomic}
   size_t OldSize                                  = 70254592                                  {product} {ergonomic}
    uintx ProfiledCodeHeapSize                     = 122909434                              {pd product} {ergonomic}
    uintx ReservedCodeCacheSize                    = 251658240                              {pd product} {ergonomic}
     bool SegmentedCodeCache                       = true                                      {product} {ergonomic}
   size_t SoftMaxHeapSize                          = 2147483648                             {manageable} {ergonomic}
     bool UseCompressedOops                        = true                           {product lp64_product} {ergonomic}
     bool UseLargePagesIndividualAllocation        = false                                  {pd product} {ergonomic}
     bool UseParallelGC                            = true                                      {product} {command line}

Logging:
Log output configuration:
 #0: stdout all=off uptime,level,tags foldmultilines=false
 #1: stderr all=off uptime,level,tags foldmultilines=false

Release file:
JAVA_VERSION="21.0.12.1" 
MODULES="java.base java.compiler java.datatransfer java.xml java.prefs java.desktop java.instrument java.logging java.management java.security.sasl java.naming java.rmi java.management.rmi java.net.http java.scripting java.security.jgss java.transaction.xa java.sql java.sql.rowset java.xml.crypto java.se java.smartcardio jdk.accessibility jdk.internal.jvmstat jdk.attach jdk.charsets jdk.internal.opt jdk.zipfs jdk.compiler jdk.crypto.ec jdk.crypto.cryptoki jdk.crypto.mscapi jdk.dynalink jdk.internal.ed jdk.editpad jdk.hotspot.agent jdk.httpserver jdk.internal.le jdk.internal.vm.ci jdk.internal.vm.compiler jdk.internal.vm.compiler.management jdk.jartool jdk.javadoc jdk.jcmd jdk.management jdk.management.agent jdk.jconsole jdk.jdeps jdk.jdwp.agent jdk.jdi jdk.jfr jdk.jshell jdk.jsobject jdk.jstatd jdk.localedata jdk.management.jfr jdk.naming.dns jdk.naming.rmi jdk.net jdk.nio.mapmode jdk.random jdk.sctp jdk.security.auth jdk.security.jgss jdk.unsupported jdk.unsupported.desktop jdk.xml.dom" 

Environment Variables:
PATH=C:\Program Files\Common Files\Oracle\Java\javapath;C:\WINDOWS\system32;C:\WINDOWS;C:\WINDOWS\System32\Wbem;C:\WINDOWS\System32\WindowsPowerShell\v1.0\;C:\WINDOWS\System32\OpenSSH\;C:\ProgramData\chocolatey\bin;C:\Program Files\Java\jdk-26.0.2.1\bin;C:\msys64\ucrt64\bin;C:\Program Files\nodejs\;C:\Users\Hp\Downloads\AI-Fake-Information-Research-Agent;C:\Program Files\Git\cmd;C:\Program Files\PowerShell\7\;C:\Users\Hp\AppData\Local\Microsoft\WindowsApps;C:\Users\Hp\AppData\Local\Programs\Microsoft VS Code\bin;C:\MinGW\bin\gcc.exe;D:\gcccomplier\ucrt64\bin;C:\Users\Hp\AppData\Roaming\npm;C:\Users\Hp\AppData\Local\Python\bin;C:\ProgramData\yujal\GitHubDesktop\bin
USERNAME=yujal
OS=Windows_NT
PROCESSOR_IDENTIFIER=AMD64 Family 25 Model 80 Stepping 0, AuthenticAMD
TMP=C:\Users\Hp\AppData\Local\Temp
TEMP=C:\Users\Hp\AppData\Local\Temp




Periodic native trim disabled

---------------  S Y S T E M  ---------------

OS:
 Windows 11 , 64 bit Build 26100 (10.0.26100.8115)
OS uptime: 0 days 5:14 hours
Hyper-V role detected

CPU: total 12 (initial active 12) (12 cores per cpu, 2 threads per core) family 25 model 80 stepping 0 microcode 0xa500014, cx8, cmov, fxsr, ht, mmx, 3dnowpref, sse, sse2, sse3, ssse3, sse4a, sse4.1, sse4.2, popcnt, lzcnt, tsc, tscinvbit, avx, avx2, aes, erms, clmul, bmi1, bmi2, adx, sha, fma, vzeroupper, clflush, clflushopt, hv, rdtscp, rdpid, fsrm, f16c, cet_ss
Processor Information for processor 0
  Max Mhz: 3301, Current Mhz: 1805, Mhz Limit: 3301
Processor Information for processor 1
  Max Mhz: 3301, Current Mhz: 1805, Mhz Limit: 3301
Processor Information for processor 2
  Max Mhz: 3301, Current Mhz: 3301, Mhz Limit: 3301
Processor Information for processor 3
  Max Mhz: 3301, Current Mhz: 3301, Mhz Limit: 3301
Processor Information for processor 4
  Max Mhz: 3301, Current Mhz: 1805, Mhz Limit: 3301
Processor Information for processor 5
  Max Mhz: 3301, Current Mhz: 1805, Mhz Limit: 3301
Processor Information for processor 6
  Max Mhz: 3301, Current Mhz: 3301, Mhz Limit: 3301
Processor Information for processor 7
  Max Mhz: 3301, Current Mhz: 3301, Mhz Limit: 3301
Processor Information for processor 8
  Max Mhz: 3301, Current Mhz: 1805, Mhz Limit: 3301
Processor Information for processor 9
  Max Mhz: 3301, Current Mhz: 1805, Mhz Limit: 3301
Processor Information for processor 10
  Max Mhz: 3301, Current Mhz: 1805, Mhz Limit: 3301
Processor Information for processor 11
  Max Mhz: 3301, Current Mhz: 3301, Mhz Limit: 3301

Memory: 4k page, system-wide physical 15710M (5058M free)
TotalPageFile size 15710M (AvailPageFile size 3M)
current process WorkingSet (physical memory assigned to process): 138M, peak: 138M
current process commit charge ("private bytes"): 282M, peak: 282M

vm_info: OpenJDK 64-Bit Server VM (21.0.12.1+1-LTS) for windows-amd64 JRE (21.0.12.1+1-LTS), built on 2026-08-18T00:00:00Z by "admin" with MS VC++ 17.12 (VS2022)

END.
